// Vitest Snapshot v1, https://vitest.dev/guide/snapshot.html

exports[`Alert Component > renders Alert open unchanged 1`] = `
<div>
  <div
    class="memori-alert memori-alert--info"
    data-closed=""
    data-enter=""
    data-transition=""
    style=""
  >
    <style>
      
              .memori-alert {
                --memori-alert--width: 400px;
              }
            
    </style>
    <div
      class="memori-alert--container ease-out duration-300 opacity-0 translate-y-4"
      data-closed=""
      data-enter=""
      data-transition=""
      style=""
    >
      <div
        class="memori-alert--content"
      >
        <div
          class="memori-alert--title"
        >
          Test Alert
        </div>
      </div>
      <div
        class="memori-alert--actions"
      >
        <button
          aria-label="close"
          class="_button_47407a _button--ghost_47407a _button--md_47407a _button--circle_47407a _button--icon-only_47407a memori-alert--close"
          tabindex="0"
          title="close"
          type="button"
        >
          <span
            class="_button__icon_47407a"
          >
            <svg
              aria-hidden="true"
              class="lucide lucide-x"
              fill="none"
              height="24"
              stroke="currentColor"
              stroke-linecap="round"
              stroke-linejoin="round"
              stroke-width="2"
              viewBox="0 0 24 24"
              width="24"
              xmlns="http://www.w3.org/2000/svg"
            >
              <path
                d="M18 6 6 18"
              />
              <path
                d="m6 6 12 12"
              />
            </svg>
          </span>
        </button>
      </div>
    </div>
  </div>
</div>
`;

exports[`Alert Component > renders Alert unchanged 1`] = `<div />`;
