// Vitest Snapshot v1, https://vitest.dev/guide/snapshot.html

exports[`Alert Component > renders Alert open unchanged 1`] = `
<div>
  <div
    class="memori-alert memori-alert--info"
    data-closed=""
    data-enter=""
    data-transition=""
    style="--memori-alert-width: 400px;"
  >
    <div
      class="memori-alert__container ease-out duration-300 opacity-0 translate-y-4"
      data-closed=""
      data-enter=""
      data-transition=""
    >
      <div
        class="memori-alert__content"
      >
        <div
          class="memori-alert__title"
        >
          Test Alert
        </div>
      </div>
      <div
        class="memori-alert__actions"
      >
        <button
          aria-label="close"
          class="memori-button memori-button--ghost memori-button--md memori-button--circle memori-button--icon-only memori-alert__close"
          tabindex="0"
          title="close"
          type="button"
        >
          <span
            class="memori-button__icon"
          >
            <svg
              aria-hidden="true"
              class="lucide lucide-x"
              fill="none"
              height="24"
              stroke="currentColor"
              stroke-linecap="round"
              stroke-linejoin="round"
              stroke-width="2"
              viewBox="0 0 24 24"
              width="24"
              xmlns="http://www.w3.org/2000/svg"
            >
              <path
                d="M18 6 6 18"
              />
              <path
                d="m6 6 12 12"
              />
            </svg>
          </span>
        </button>
      </div>
    </div>
  </div>
</div>
`;

exports[`Alert Component > renders Alert unchanged 1`] = `<div />`;
